<!DOCTYPE HTML PUBLIC "-//W3C//DTD HTML 4.01 Transitional//EN" "http://www.w3.org/TR/html4/loose.dtd">
<html>

<head>
<meta http-equiv="Content-Type" content="text/html; charset=UTF-8">
<title>__snapshots__</title>
<link rel="stylesheet" href="https://cdn.jsdelivr.net/gh/bgoonz/GIT-CDN-FILES/right.css">
</head>

<body>

<table border="0" cellspacing="1" cellpadding="2" summary="file table" class="file-table centered">
<tr><td colspan="3" class="header-row"><b>Folders</b></td></tr>
<tr><td style="text-align: center"><a href="File://C:/Users/bryan/Downloads/STATIC-ASSETS/2-resources/BLOG/REACT/REPOS/react-docgen-master/src/handlers/__tests__/__snapshots__/../right.html" target="rframe">&lt;parent&gt;</a></td></tr>
</table>
<br>

<table border="0" cellspacing="1" cellpadding="2" summary="file table" class="file-table centered">
<tr><th><b>File</b></th><th><b>Size</b></th><th><b>File</b></th><th><b>Size</b></th><th><b>File</b></th><th><b>Size</b></th></tr>
<tr><td><a href="File://C:/Users/bryan/Downloads/STATIC-ASSETS/2-resources/BLOG/REACT/REPOS/react-docgen-master/src/handlers/__tests__/__snapshots__/right.html" >right.html</a></td><td align="right">2,414</td><td><a href="File://C:/Users/bryan/Downloads/STATIC-ASSETS/2-resources/BLOG/REACT/REPOS/react-docgen-master/src/handlers/__tests__/__snapshots__/defaultPropsHandler-test.js.snap" >defaultP....snap</a></td><td align="right">13,507</td><td><a href="File://C:/Users/bryan/Downloads/STATIC-ASSETS/2-resources/BLOG/REACT/REPOS/react-docgen-master/src/handlers/__tests__/__snapshots__/propTypeHandler-test.js.snap" >propType....snap</a></td><td align="right">4,015</td></tr>
<tr class="row2"><td><a href="File://C:/Users/bryan/Downloads/STATIC-ASSETS/2-resources/BLOG/REACT/REPOS/react-docgen-master/src/handlers/__tests__/__snapshots__/componentMethodsHandler-test.js.snap" >componen....snap</a></td><td align="right">3,315</td><td><a href="File://C:/Users/bryan/Downloads/STATIC-ASSETS/2-resources/BLOG/REACT/REPOS/react-docgen-master/src/handlers/__tests__/__snapshots__/flowTypeHandler-test.js.snap" >flowType....snap</a></td><td align="right">2,721</td><td></td><td></td></tr>
</table>

</body>
</html>