<!DOCTYPE HTML PUBLIC "-//W3C//DTD HTML 4.01 Transitional//EN" "http://www.w3.org/TR/html4/loose.dtd">
<html>

<head>
<meta http-equiv="Content-Type" content="text/html; charset=UTF-8">
<title>__snapshots__</title>
<link rel="stylesheet" href="https://cdn.jsdelivr.net/gh/bgoonz/GIT-CDN-FILES/right.css">
</head>

<body>

<table border="0" cellspacing="1" cellpadding="2" summary="file table" class="file-table centered">
<tr><td colspan="3" class="header-row"><b>Folders</b></td></tr>
<tr><td style="text-align: center"><a href="File://C:/Users/bryan/Downloads/STATIC-ASSETS/2-resources/BLOG/REACT/REPOS/create-react-app-master/packages/react-error-overlay/src/__tests__/parser/__snapshots__/../right.html" target="rframe">&lt;parent&gt;</a></td></tr>
</table>
<br>

<table border="0" cellspacing="1" cellpadding="2" summary="file table" class="file-table centered">
<tr><th><b>File</b></th><th><b>Size</b></th><th><b>File</b></th><th><b>Size</b></th><th><b>File</b></th><th><b>Size</b></th></tr>
<tr><td><a href="File://C:/Users/bryan/Downloads/STATIC-ASSETS/2-resources/BLOG/REACT/REPOS/create-react-app-master/packages/react-error-overlay/src/__tests__/parser/__snapshots__/right.html" target="_parent">right.html</a></td><td align="right">2,463</td><td><a href="File://C:/Users/bryan/Downloads/STATIC-ASSETS/2-resources/BLOG/REACT/REPOS/create-react-app-master/packages/react-error-overlay/src/__tests__/parser/__snapshots__/firefox.js.snap" target="_parent">firefox.js.snap</a></td><td align="right">6,225</td><td><a href="File://C:/Users/bryan/Downloads/STATIC-ASSETS/2-resources/BLOG/REACT/REPOS/create-react-app-master/packages/react-error-overlay/src/__tests__/parser/__snapshots__/safari.js.snap" target="_parent">safari.js.snap</a></td><td align="right">1,247</td></tr>
<tr class="row2"><td><a href="File://C:/Users/bryan/Downloads/STATIC-ASSETS/2-resources/BLOG/REACT/REPOS/create-react-app-master/packages/react-error-overlay/src/__tests__/parser/__snapshots__/chrome.js.snap" target="_parent">chrome.js.snap</a></td><td align="right">1,620</td><td><a href="File://C:/Users/bryan/Downloads/STATIC-ASSETS/2-resources/BLOG/REACT/REPOS/create-react-app-master/packages/react-error-overlay/src/__tests__/parser/__snapshots__/react.js.snap" target="_parent">react.js.snap</a></td><td align="right">1,389</td><td></td><td></td></tr>
</table>

</body>
</html>