<!DOCTYPE HTML PUBLIC "-//W3C//DTD HTML 4.01 Transitional//EN" "http://www.w3.org/TR/html4/loose.dtd">
<html>

<head>
<meta http-equiv="Content-Type" content="text/html; charset=UTF-8">
<title>__snapshots__</title>
<link rel="stylesheet" href="https://cdn.jsdelivr.net/gh/bgoonz/GIT-CDN-FILES/right.css">
</head>

<body>

<table border="0" cellspacing="1" cellpadding="2" summary="file table" class="file-table centered">
<tr><td colspan="3" class="header-row"><b>Folders</b></td></tr>
<tr><td style="text-align: center"><a href="File://C:/Users/bryan/Downloads/STATIC-ASSETS/7-REPO/Resource-Store/Bootcamp-repos/Curriculum/06_Full_Stack/Resources/draft-js-master/src/model/immutable/__tests__/__snapshots__/../right.html" target="rframe">&lt;parent&gt;</a></td></tr>
</table>
<br>

<table border="0" cellspacing="1" cellpadding="2" summary="file table" class="file-table centered">
<tr><th><b>File</b></th><th><b>Size</b></th><th><b>File</b></th><th><b>Size</b></th><th><b>File</b></th><th><b>Size</b></th></tr>
<tr><td><a href="File://C:/Users/bryan/Downloads/STATIC-ASSETS/7-REPO/Resource-Store/Bootcamp-repos/Curriculum/06_Full_Stack/Resources/draft-js-master/src/model/immutable/__tests__/__snapshots__/right.html" target="_parent">right.html</a></td><td align="right">3,906</td><td><a href="File://C:/Users/bryan/Downloads/STATIC-ASSETS/7-REPO/Resource-Store/Bootcamp-repos/Curriculum/06_Full_Stack/Resources/draft-js-master/src/model/immutable/__tests__/__snapshots__/ContentBlock-test.js.snap" target="_parent">ContentB....snap</a></td><td align="right">2,266</td><td><a href="File://C:/Users/bryan/Downloads/STATIC-ASSETS/7-REPO/Resource-Store/Bootcamp-repos/Curriculum/06_Full_Stack/Resources/draft-js-master/src/model/immutable/__tests__/__snapshots__/EditorState-test.js.snap" target="_parent">EditorSt....snap</a></td><td align="right">1,793</td></tr>
<tr class="row2"><td><a href="File://C:/Users/bryan/Downloads/STATIC-ASSETS/7-REPO/Resource-Store/Bootcamp-repos/Curriculum/06_Full_Stack/Resources/draft-js-master/src/model/immutable/__tests__/__snapshots__/BlockTree-test.js.snap" target="_parent">BlockTre....snap</a></td><td align="right">3,420</td><td><a href="File://C:/Users/bryan/Downloads/STATIC-ASSETS/7-REPO/Resource-Store/Bootcamp-repos/Curriculum/06_Full_Stack/Resources/draft-js-master/src/model/immutable/__tests__/__snapshots__/ContentState-test.js.snap" target="_parent">ContentS....snap</a></td><td align="right">1,516</td><td><a href="File://C:/Users/bryan/Downloads/STATIC-ASSETS/7-REPO/Resource-Store/Bootcamp-repos/Curriculum/06_Full_Stack/Resources/draft-js-master/src/model/immutable/__tests__/__snapshots__/findRangesImmutable-test.js.snap" target="_parent">findRang....snap</a></td><td align="right">711</td></tr>
<tr><td><a href="File://C:/Users/bryan/Downloads/STATIC-ASSETS/7-REPO/Resource-Store/Bootcamp-repos/Curriculum/06_Full_Stack/Resources/draft-js-master/src/model/immutable/__tests__/__snapshots__/CharacterMetadata-test.js.snap" target="_parent">Characte....snap</a></td><td align="right">1,658</td><td><a href="File://C:/Users/bryan/Downloads/STATIC-ASSETS/7-REPO/Resource-Store/Bootcamp-repos/Curriculum/06_Full_Stack/Resources/draft-js-master/src/model/immutable/__tests__/__snapshots__/EditorBidiService-test.js.snap" target="_parent">EditorBi....snap</a></td><td align="right">1,951</td><td><a href="File://C:/Users/bryan/Downloads/STATIC-ASSETS/7-REPO/Resource-Store/Bootcamp-repos/Curriculum/06_Full_Stack/Resources/draft-js-master/src/model/immutable/__tests__/__snapshots__/SelectionState-test.js.snap" target="_parent">Selectio....snap</a></td><td align="right">3,121</td></tr>
</table>

</body>
</html>