<!DOCTYPE HTML PUBLIC "-//W3C//DTD HTML 4.01 Transitional//EN" "http://www.w3.org/TR/html4/loose.dtd">
<html>

<head>
<meta http-equiv="Content-Type" content="text/html; charset=UTF-8">
<title>__snapshots__</title>
<link rel="stylesheet" href="https://cdn.jsdelivr.net/gh/bgoonz/GIT-CDN-FILES/right.css">
</head>

<body>

<table border="0" cellspacing="1" cellpadding="2" summary="file table" class="file-table centered">
<tr><td colspan="3" class="header-row"><b>Folders</b></td></tr>
<tr><td style="text-align: center"><a href="File://C:/Users/bryan/Downloads/STATIC-ASSETS/7-REPO/Resource-Store/Bootcamp-repos/Curriculum/06_Full_Stack/Resources/draft-js-master/src/model/encoding/__tests__/__snapshots__/../right.html" target="rframe">&lt;parent&gt;</a></td></tr>
</table>
<br>

<table border="0" cellspacing="1" cellpadding="2" summary="file table" class="file-table centered">
<tr><th><b>File</b></th><th><b>Size</b></th><th><b>File</b></th><th><b>Size</b></th><th><b>File</b></th><th><b>Size</b></th></tr>
<tr><td><a href="File://C:/Users/bryan/Downloads/STATIC-ASSETS/7-REPO/Resource-Store/Bootcamp-repos/Curriculum/06_Full_Stack/Resources/draft-js-master/src/model/encoding/__tests__/__snapshots__/right.html" >right.html</a></td><td align="right">4,360</td><td><a href="File://C:/Users/bryan/Downloads/STATIC-ASSETS/7-REPO/Resource-Store/Bootcamp-repos/Curriculum/06_Full_Stack/Resources/draft-js-master/src/model/encoding/__tests__/__snapshots__/convertFromRawToDraftState-test.js.snap" >convertF....snap</a></td><td align="right">22,683</td><td><a href="File://C:/Users/bryan/Downloads/STATIC-ASSETS/7-REPO/Resource-Store/Bootcamp-repos/Curriculum/06_Full_Stack/Resources/draft-js-master/src/model/encoding/__tests__/__snapshots__/encodeEntityRanges-test.js.snap" >encodeEn....snap</a></td><td align="right">1,034</td></tr>
<tr class="row2"><td><a href="File://C:/Users/bryan/Downloads/STATIC-ASSETS/7-REPO/Resource-Store/Bootcamp-repos/Curriculum/06_Full_Stack/Resources/draft-js-master/src/model/encoding/__tests__/__snapshots__/convertFromDraftStateToRaw-test.js.snap" >convertF....snap</a></td><td align="right">5,449</td><td><a href="File://C:/Users/bryan/Downloads/STATIC-ASSETS/7-REPO/Resource-Store/Bootcamp-repos/Curriculum/06_Full_Stack/Resources/draft-js-master/src/model/encoding/__tests__/__snapshots__/decodeEntityRanges-test.js.snap" >decodeEn....snap</a></td><td align="right">947</td><td><a href="File://C:/Users/bryan/Downloads/STATIC-ASSETS/7-REPO/Resource-Store/Bootcamp-repos/Curriculum/06_Full_Stack/Resources/draft-js-master/src/model/encoding/__tests__/__snapshots__/encodeInlineStyleRanges-test.js.snap" >encodeIn....snap</a></td><td align="right">2,074</td></tr>
<tr><td><a href="File://C:/Users/bryan/Downloads/STATIC-ASSETS/7-REPO/Resource-Store/Bootcamp-repos/Curriculum/06_Full_Stack/Resources/draft-js-master/src/model/encoding/__tests__/__snapshots__/convertFromHTMLToContentBlocks2-test.js.snap" >convertF....snap</a></td><td align="right">76,233</td><td><a href="File://C:/Users/bryan/Downloads/STATIC-ASSETS/7-REPO/Resource-Store/Bootcamp-repos/Curriculum/06_Full_Stack/Resources/draft-js-master/src/model/encoding/__tests__/__snapshots__/decodeInlineStyleRanges-test.js.snap" >decodeIn....snap</a></td><td align="right">1,255</td><td><a href="File://C:/Users/bryan/Downloads/STATIC-ASSETS/7-REPO/Resource-Store/Bootcamp-repos/Curriculum/06_Full_Stack/Resources/draft-js-master/src/model/encoding/__tests__/__snapshots__/sanitizeDraftText-test.js.snap" >sanitize....snap</a></td><td align="right">365</td></tr>
<tr class="row2"><td><a href="File://C:/Users/bryan/Downloads/STATIC-ASSETS/7-REPO/Resource-Store/Bootcamp-repos/Curriculum/06_Full_Stack/Resources/draft-js-master/src/model/encoding/__tests__/__snapshots__/convertFromHTMLToContentBlocks-test.js.snap" >convertF....snap</a></td><td align="right">58,031</td><td></td><td></td><td></td><td></td></tr>
</table>

</body>
</html>