<!DOCTYPE HTML PUBLIC "-//W3C//DTD HTML 4.01 Transitional//EN" "http://www.w3.org/TR/html4/loose.dtd">
<html>

<head>
<meta http-equiv="Content-Type" content="text/html; charset=UTF-8">
<title>__snapshots__</title>
<link rel="stylesheet" href="https://cdn.jsdelivr.net/gh/bgoonz/GIT-CDN-FILES/right.css">
</head>

<body>

<table border="0" cellspacing="1" cellpadding="2" summary="file table" class="file-table centered">
<tr><td colspan="3" class="header-row"><b>Folders</b></td></tr>
<tr><td style="text-align: center"><a href="File://C:/Users/bryan/Downloads/STATIC-ASSETS/7-REPO/Resource-Store/Bootcamp-repos/Curriculum/06_Full_Stack/Resources/draft-js-master/src/model/modifier/__tests__/__snapshots__/../right.html" target="rframe">&lt;parent&gt;</a></td></tr>
</table>
<br>

<table border="0" cellspacing="1" cellpadding="2" summary="file table" class="file-table centered">
<tr><th><b>File</b></th><th><b>Size</b></th><th><b>File</b></th><th><b>Size</b></th><th><b>File</b></th><th><b>Size</b></th></tr>
<tr><td><a href="File://C:/Users/bryan/Downloads/STATIC-ASSETS/7-REPO/Resource-Store/Bootcamp-repos/Curriculum/06_Full_Stack/Resources/draft-js-master/src/model/modifier/__tests__/__snapshots__/right.html" target="_parent">right.html</a></td><td align="right">2,342</td><td><a href="File://C:/Users/bryan/Downloads/STATIC-ASSETS/7-REPO/Resource-Store/Bootcamp-repos/Curriculum/06_Full_Stack/Resources/draft-js-master/src/model/modifier/__tests__/__snapshots__/DraftRemovableWord-test.js.snap" target="_parent">DraftRem....snap</a></td><td align="right">4,346</td><td><a href="File://C:/Users/bryan/Downloads/STATIC-ASSETS/7-REPO/Resource-Store/Bootcamp-repos/Curriculum/06_Full_Stack/Resources/draft-js-master/src/model/modifier/__tests__/__snapshots__/RichTextEditorUtil-test.js.snap" target="_parent">RichText....snap</a></td><td align="right">2,445</td></tr>
<tr class="row2"><td><a href="File://C:/Users/bryan/Downloads/STATIC-ASSETS/7-REPO/Resource-Store/Bootcamp-repos/Curriculum/06_Full_Stack/Resources/draft-js-master/src/model/modifier/__tests__/__snapshots__/AtomicBlockUtils-test.js.snap" target="_parent">AtomicBl....snap</a></td><td align="right">103,795</td><td></td><td></td><td></td><td></td></tr>
</table>

</body>
</html>